[2026-08-17T20:32:05.789+0000] {manager.py:483} INFO - Processing files using up to 1 processes at a time 
[2026-08-17T20:32:05.791+0000] {manager.py:484} INFO - Process each file at most once every 30 seconds
[2026-08-17T20:32:05.793+0000] {manager.py:485} INFO - Checking for new files in /opt/airflow/dags every 300 seconds
[2026-08-17T20:32:05.795+0000] {manager.py:821} INFO - Searching for files in /opt/airflow/dags
[2026-08-17T20:32:05.830+0000] {manager.py:824} INFO - There are 1 files in /opt/airflow/dags
[2026-08-17T20:32:06.444+0000] {manager.py:997} INFO - 
================================================================================
DAG File Processing Stats

File Path                              PID    Runtime      # DAGs    # Errors  Last Runtime    Last Run               Last # of DB Queries
-------------------------------------  -----  ---------  --------  ----------  --------------  -------------------  ----------------------
/opt/airflow/dags/weather_pipeline.py                           1           0  0.51s           2026-08-17T20:32:06                      45
================================================================================
[2026-08-17T20:32:37.047+0000] {manager.py:997} INFO - 
================================================================================
DAG File Processing Stats

File Path                              PID    Runtime      # DAGs    # Errors  Last Runtime    Last Run               Last # of DB Queries
-------------------------------------  -----  ---------  --------  ----------  --------------  -------------------  ----------------------
/opt/airflow/dags/weather_pipeline.py                           1           0  0.20s           2026-08-17T20:32:37                      12
================================================================================
[2026-08-17T20:33:07.698+0000] {manager.py:997} INFO - 
================================================================================
DAG File Processing Stats

File Path                              PID    Runtime      # DAGs    # Errors  Last Runtime    Last Run               Last # of DB Queries
-------------------------------------  -----  ---------  --------  ----------  --------------  -------------------  ----------------------
/opt/airflow/dags/weather_pipeline.py                           1           0  0.10s           2026-08-17T20:33:07                      12
================================================================================
[2026-08-17T20:33:38.199+0000] {manager.py:997} INFO - 
================================================================================
DAG File Processing Stats

File Path                              PID    Runtime      # DAGs    # Errors  Last Runtime    Last Run               Last # of DB Queries
-------------------------------------  -----  ---------  --------  ----------  --------------  -------------------  ----------------------
/opt/airflow/dags/weather_pipeline.py                           1           0  0.20s           2026-08-17T20:33:38                      12
================================================================================
[2026-08-17T20:34:08.689+0000] {manager.py:997} INFO - 
================================================================================
DAG File Processing Stats

File Path                              PID    Runtime      # DAGs    # Errors  Last Runtime    Last Run               Last # of DB Queries
-------------------------------------  -----  ---------  --------  ----------  --------------  -------------------  ----------------------
/opt/airflow/dags/weather_pipeline.py                           1           0  0.21s           2026-08-17T20:34:08                      12
================================================================================
[2026-08-17T20:34:39.173+0000] {manager.py:997} INFO - 
================================================================================
DAG File Processing Stats

File Path                              PID    Runtime      # DAGs    # Errors  Last Runtime    Last Run               Last # of DB Queries
-------------------------------------  -----  ---------  --------  ----------  --------------  -------------------  ----------------------
/opt/airflow/dags/weather_pipeline.py                           1           0  0.21s           2026-08-17T20:34:39                      12
================================================================================
[2026-08-17T20:35:09.543+0000] {manager.py:997} INFO - 
================================================================================
DAG File Processing Stats

File Path                              PID    Runtime      # DAGs    # Errors  Last Runtime    Last Run               Last # of DB Queries
-------------------------------------  -----  ---------  --------  ----------  --------------  -------------------  ----------------------
/opt/airflow/dags/weather_pipeline.py                           1           0  0.20s           2026-08-17T20:35:09                      12
================================================================================
[2026-08-17T20:35:40.013+0000] {manager.py:997} INFO - 
================================================================================
DAG File Processing Stats

File Path                              PID    Runtime      # DAGs    # Errors  Last Runtime    Last Run               Last # of DB Queries
-------------------------------------  -----  ---------  --------  ----------  --------------  -------------------  ----------------------
/opt/airflow/dags/weather_pipeline.py                           1           0  0.20s           2026-08-17T20:35:40                      12
================================================================================
[2026-08-17T20:36:10.497+0000] {manager.py:997} INFO - 
================================================================================
DAG File Processing Stats

File Path                              PID    Runtime      # DAGs    # Errors  Last Runtime    Last Run               Last # of DB Queries
-------------------------------------  -----  ---------  --------  ----------  --------------  -------------------  ----------------------
/opt/airflow/dags/weather_pipeline.py                           1           0  0.21s           2026-08-17T20:36:10                      12
================================================================================
[2026-08-17T20:36:40.823+0000] {manager.py:997} INFO - 
================================================================================
DAG File Processing Stats

File Path                              PID    Runtime      # DAGs    # Errors  Last Runtime    Last Run               Last # of DB Queries
-------------------------------------  -----  ---------  --------  ----------  --------------  -------------------  ----------------------
/opt/airflow/dags/weather_pipeline.py                           1           0  0.20s           2026-08-17T20:36:40                      12
================================================================================
[2026-08-17T20:37:06.042+0000] {manager.py:821} INFO - Searching for files in /opt/airflow/dags
[2026-08-17T20:37:06.069+0000] {manager.py:824} INFO - There are 1 files in /opt/airflow/dags
[2026-08-17T20:37:11.339+0000] {manager.py:997} INFO - 
================================================================================
DAG File Processing Stats

File Path                              PID    Runtime      # DAGs    # Errors  Last Runtime    Last Run               Last # of DB Queries
-------------------------------------  -----  ---------  --------  ----------  --------------  -------------------  ----------------------
/opt/airflow/dags/weather_pipeline.py                           1           0  0.20s           2026-08-17T20:37:11                      12
================================================================================
[2026-08-17T20:37:41.836+0000] {manager.py:997} INFO - 
================================================================================
DAG File Processing Stats

File Path                              PID    Runtime      # DAGs    # Errors  Last Runtime    Last Run               Last # of DB Queries
-------------------------------------  -----  ---------  --------  ----------  --------------  -------------------  ----------------------
/opt/airflow/dags/weather_pipeline.py                           1           0  0.21s           2026-08-17T20:37:41                      12
================================================================================
[2026-08-17T20:38:12.736+0000] {manager.py:997} INFO - 
================================================================================
DAG File Processing Stats

File Path                              PID    Runtime      # DAGs    # Errors  Last Runtime    Last Run               Last # of DB Queries
-------------------------------------  -----  ---------  --------  ----------  --------------  -------------------  ----------------------
/opt/airflow/dags/weather_pipeline.py                           1           0  0.21s           2026-08-17T20:38:12                      12
================================================================================
[2026-08-17T20:38:42.997+0000] {manager.py:997} INFO - 
================================================================================
DAG File Processing Stats

File Path                              PID    Runtime      # DAGs    # Errors  Last Runtime    Last Run               Last # of DB Queries
-------------------------------------  -----  ---------  --------  ----------  --------------  -------------------  ----------------------
/opt/airflow/dags/weather_pipeline.py                           1           0  0.11s           2026-08-17T20:38:42                      12
================================================================================
[2026-08-17T20:39:13.117+0000] {manager.py:997} INFO - 
================================================================================
DAG File Processing Stats

File Path                              PID    Runtime      # DAGs    # Errors  Last Runtime    Last Run               Last # of DB Queries
-------------------------------------  -----  ---------  --------  ----------  --------------  -------------------  ----------------------
/opt/airflow/dags/weather_pipeline.py                           1           0  0.20s           2026-08-17T20:38:53                      16
================================================================================
[2026-08-17T20:39:43.705+0000] {manager.py:997} INFO - 
================================================================================
DAG File Processing Stats

File Path                              PID    Runtime      # DAGs    # Errors  Last Runtime    Last Run               Last # of DB Queries
-------------------------------------  -----  ---------  --------  ----------  --------------  -------------------  ----------------------
/opt/airflow/dags/weather_pipeline.py                           1           0  0.21s           2026-08-17T20:39:23                      12
================================================================================
[2026-08-17T20:40:14.008+0000] {manager.py:997} INFO - 
================================================================================
DAG File Processing Stats

File Path                              PID    Runtime      # DAGs    # Errors  Last Runtime    Last Run               Last # of DB Queries
-------------------------------------  -----  ---------  --------  ----------  --------------  -------------------  ----------------------
/opt/airflow/dags/weather_pipeline.py                           1           0  0.21s           2026-08-17T20:40:02                      16
================================================================================
[2026-08-17T20:40:44.282+0000] {manager.py:997} INFO - 
================================================================================
DAG File Processing Stats

File Path                              PID    Runtime      # DAGs    # Errors  Last Runtime    Last Run               Last # of DB Queries
-------------------------------------  -----  ---------  --------  ----------  --------------  -------------------  ----------------------
/opt/airflow/dags/weather_pipeline.py                           1           0  0.11s           2026-08-17T20:40:33                      12
================================================================================
[2026-08-17T20:41:14.569+0000] {manager.py:997} INFO - 
================================================================================
DAG File Processing Stats

File Path                              PID    Runtime      # DAGs    # Errors  Last Runtime    Last Run               Last # of DB Queries
-------------------------------------  -----  ---------  --------  ----------  --------------  -------------------  ----------------------
/opt/airflow/dags/weather_pipeline.py                           1           0  0.10s           2026-08-17T20:41:03                      12
================================================================================
[2026-08-17T20:41:44.850+0000] {manager.py:997} INFO - 
================================================================================
DAG File Processing Stats

File Path                              PID    Runtime      # DAGs    # Errors  Last Runtime    Last Run               Last # of DB Queries
-------------------------------------  -----  ---------  --------  ----------  --------------  -------------------  ----------------------
/opt/airflow/dags/weather_pipeline.py                           1           0  0.10s           2026-08-17T20:41:33                      12
================================================================================
[2026-08-17T20:42:06.953+0000] {manager.py:821} INFO - Searching for files in /opt/airflow/dags
[2026-08-17T20:42:06.980+0000] {manager.py:824} INFO - There are 1 files in /opt/airflow/dags
[2026-08-17T20:42:15.123+0000] {manager.py:997} INFO - 
================================================================================
DAG File Processing Stats

File Path                              PID    Runtime      # DAGs    # Errors  Last Runtime    Last Run               Last # of DB Queries
-------------------------------------  -----  ---------  --------  ----------  --------------  -------------------  ----------------------
/opt/airflow/dags/weather_pipeline.py                           1           0  0.11s           2026-08-17T20:42:04                      12
================================================================================
[2026-08-17T20:42:45.413+0000] {manager.py:997} INFO - 
================================================================================
DAG File Processing Stats

File Path                              PID    Runtime      # DAGs    # Errors  Last Runtime    Last Run               Last # of DB Queries
-------------------------------------  -----  ---------  --------  ----------  --------------  -------------------  ----------------------
/opt/airflow/dags/weather_pipeline.py                           1           0  0.20s           2026-08-17T20:42:34                      12
================================================================================
[2026-08-17T20:43:15.703+0000] {manager.py:997} INFO - 
================================================================================
DAG File Processing Stats

File Path                              PID    Runtime      # DAGs    # Errors  Last Runtime    Last Run               Last # of DB Queries
-------------------------------------  -----  ---------  --------  ----------  --------------  -------------------  ----------------------
/opt/airflow/dags/weather_pipeline.py                           1           0  0.20s           2026-08-17T20:43:04                      12
================================================================================
[2026-08-17T20:43:45.971+0000] {manager.py:997} INFO - 
================================================================================
DAG File Processing Stats

File Path                              PID    Runtime      # DAGs    # Errors  Last Runtime    Last Run               Last # of DB Queries
-------------------------------------  -----  ---------  --------  ----------  --------------  -------------------  ----------------------
/opt/airflow/dags/weather_pipeline.py                           1           0  0.20s           2026-08-17T20:43:35                      12
================================================================================
[2026-08-17T20:44:16.252+0000] {manager.py:997} INFO - 
================================================================================
DAG File Processing Stats

File Path                              PID    Runtime      # DAGs    # Errors  Last Runtime    Last Run               Last # of DB Queries
-------------------------------------  -----  ---------  --------  ----------  --------------  -------------------  ----------------------
/opt/airflow/dags/weather_pipeline.py                           1           0  0.11s           2026-08-17T20:44:05                      12
================================================================================
[2026-08-17T20:44:46.549+0000] {manager.py:997} INFO - 
================================================================================
DAG File Processing Stats

File Path                              PID    Runtime      # DAGs    # Errors  Last Runtime    Last Run               Last # of DB Queries
-------------------------------------  -----  ---------  --------  ----------  --------------  -------------------  ----------------------
/opt/airflow/dags/weather_pipeline.py                           1           0  0.11s           2026-08-17T20:44:35                      12
================================================================================
[2026-08-17T20:45:16.829+0000] {manager.py:997} INFO - 
================================================================================
DAG File Processing Stats

File Path                              PID    Runtime      # DAGs    # Errors  Last Runtime    Last Run               Last # of DB Queries
-------------------------------------  -----  ---------  --------  ----------  --------------  -------------------  ----------------------
/opt/airflow/dags/weather_pipeline.py                           1           0  0.21s           2026-08-17T20:45:05                      12
================================================================================
[2026-08-17T20:45:47.067+0000] {manager.py:997} INFO - 
================================================================================
DAG File Processing Stats

File Path                              PID    Runtime      # DAGs    # Errors  Last Runtime    Last Run               Last # of DB Queries
-------------------------------------  -----  ---------  --------  ----------  --------------  -------------------  ----------------------
/opt/airflow/dags/weather_pipeline.py                           1           0  0.11s           2026-08-17T20:45:36                      12
================================================================================
[2026-08-17T20:46:17.305+0000] {manager.py:997} INFO - 
================================================================================
DAG File Processing Stats

File Path                              PID    Runtime      # DAGs    # Errors  Last Runtime    Last Run               Last # of DB Queries
-------------------------------------  -----  ---------  --------  ----------  --------------  -------------------  ----------------------
/opt/airflow/dags/weather_pipeline.py                           1           0  0.20s           2026-08-17T20:46:07                      12
================================================================================
[2026-08-17T20:46:47.591+0000] {manager.py:997} INFO - 
================================================================================
DAG File Processing Stats

File Path                              PID    Runtime      # DAGs    # Errors  Last Runtime    Last Run               Last # of DB Queries
-------------------------------------  -----  ---------  --------  ----------  --------------  -------------------  ----------------------
/opt/airflow/dags/weather_pipeline.py                           1           0  0.20s           2026-08-17T20:46:37                      12
================================================================================
[2026-08-17T20:47:07.085+0000] {manager.py:821} INFO - Searching for files in /opt/airflow/dags
[2026-08-17T20:47:07.109+0000] {manager.py:824} INFO - There are 1 files in /opt/airflow/dags
[2026-08-17T20:47:17.853+0000] {manager.py:997} INFO - 
================================================================================
DAG File Processing Stats

File Path                              PID    Runtime      # DAGs    # Errors  Last Runtime    Last Run               Last # of DB Queries
-------------------------------------  -----  ---------  --------  ----------  --------------  -------------------  ----------------------
/opt/airflow/dags/weather_pipeline.py                           1           0  0.20s           2026-08-17T20:47:08                      12
================================================================================
[2026-08-17T20:47:48.089+0000] {manager.py:997} INFO - 
================================================================================
DAG File Processing Stats

File Path                              PID    Runtime      # DAGs    # Errors  Last Runtime    Last Run               Last # of DB Queries
-------------------------------------  -----  ---------  --------  ----------  --------------  -------------------  ----------------------
/opt/airflow/dags/weather_pipeline.py                           1           0  0.20s           2026-08-17T20:47:39                      12
================================================================================
[2026-08-17T20:48:18.337+0000] {manager.py:997} INFO - 
================================================================================
DAG File Processing Stats

File Path                              PID    Runtime      # DAGs    # Errors  Last Runtime    Last Run               Last # of DB Queries
-------------------------------------  -----  ---------  --------  ----------  --------------  -------------------  ----------------------
/opt/airflow/dags/weather_pipeline.py                           1           0  0.21s           2026-08-17T20:48:09                      12
================================================================================
[2026-08-17T20:48:48.590+0000] {manager.py:997} INFO - 
================================================================================
DAG File Processing Stats

File Path                              PID    Runtime      # DAGs    # Errors  Last Runtime    Last Run               Last # of DB Queries
-------------------------------------  -----  ---------  --------  ----------  --------------  -------------------  ----------------------
/opt/airflow/dags/weather_pipeline.py                           1           0  0.21s           2026-08-17T20:48:39                      12
================================================================================
[2026-08-17T20:49:18.885+0000] {manager.py:997} INFO - 
================================================================================
DAG File Processing Stats

File Path                              PID    Runtime      # DAGs    # Errors  Last Runtime    Last Run               Last # of DB Queries
-------------------------------------  -----  ---------  --------  ----------  --------------  -------------------  ----------------------
/opt/airflow/dags/weather_pipeline.py                           1           0  0.21s           2026-08-17T20:49:10                      12
================================================================================
[2026-08-17T20:49:49.157+0000] {manager.py:997} INFO - 
================================================================================
DAG File Processing Stats

File Path                              PID    Runtime      # DAGs    # Errors  Last Runtime    Last Run               Last # of DB Queries
-------------------------------------  -----  ---------  --------  ----------  --------------  -------------------  ----------------------
/opt/airflow/dags/weather_pipeline.py                           1           0  0.20s           2026-08-17T20:49:40                      12
================================================================================
[2026-08-17T20:50:19.470+0000] {manager.py:997} INFO - 
================================================================================
DAG File Processing Stats

File Path                              PID    Runtime      # DAGs    # Errors  Last Runtime    Last Run               Last # of DB Queries
-------------------------------------  -----  ---------  --------  ----------  --------------  -------------------  ----------------------
/opt/airflow/dags/weather_pipeline.py                           1           0  0.20s           2026-08-17T20:50:10                      12
================================================================================
[2026-08-17T20:50:49.725+0000] {manager.py:997} INFO - 
================================================================================
DAG File Processing Stats

File Path                              PID    Runtime      # DAGs    # Errors  Last Runtime    Last Run               Last # of DB Queries
-------------------------------------  -----  ---------  --------  ----------  --------------  -------------------  ----------------------
/opt/airflow/dags/weather_pipeline.py                           1           0  0.20s           2026-08-17T20:50:40                      12
================================================================================
[2026-08-17T20:51:19.965+0000] {manager.py:997} INFO - 
================================================================================
DAG File Processing Stats

File Path                              PID    Runtime      # DAGs    # Errors  Last Runtime    Last Run               Last # of DB Queries
-------------------------------------  -----  ---------  --------  ----------  --------------  -------------------  ----------------------
/opt/airflow/dags/weather_pipeline.py                           1           0  0.20s           2026-08-17T20:51:11                      12
================================================================================
[2026-08-17T20:54:21.996+0000] {manager.py:465} INFO - Exiting gracefully upon receiving signal 15
[2026-08-17T20:54:22.267+0000] {manager.py:483} INFO - Processing files using up to 1 processes at a time 
[2026-08-17T20:54:22.268+0000] {manager.py:484} INFO - Process each file at most once every 30 seconds
[2026-08-17T20:54:22.269+0000] {manager.py:485} INFO - Checking for new files in /opt/airflow/dags every 300 seconds
[2026-08-17T20:54:22.271+0000] {manager.py:821} INFO - Searching for files in /opt/airflow/dags
[2026-08-17T20:54:22.313+0000] {manager.py:824} INFO - There are 1 files in /opt/airflow/dags
[2026-08-17T20:54:22.470+0000] {manager.py:997} INFO - 
================================================================================
DAG File Processing Stats

File Path                              PID    Runtime      # DAGs    # Errors  Last Runtime    Last Run               Last # of DB Queries
-------------------------------------  -----  ---------  --------  ----------  --------------  -------------------  ----------------------
/opt/airflow/dags/weather_pipeline.py                           1           0  0.12s           2026-08-17T20:54:22                      12
================================================================================
[2026-08-17T20:54:53.516+0000] {manager.py:997} INFO - 
================================================================================
DAG File Processing Stats

File Path                              PID    Runtime      # DAGs    # Errors  Last Runtime    Last Run               Last # of DB Queries
-------------------------------------  -----  ---------  --------  ----------  --------------  -------------------  ----------------------
/opt/airflow/dags/weather_pipeline.py                           1           0  0.20s           2026-08-17T20:54:23                      16
================================================================================
[2026-08-17T20:55:23.777+0000] {manager.py:997} INFO - 
================================================================================
DAG File Processing Stats

File Path                              PID    Runtime      # DAGs    # Errors  Last Runtime    Last Run               Last # of DB Queries
-------------------------------------  -----  ---------  --------  ----------  --------------  -------------------  ----------------------
/opt/airflow/dags/weather_pipeline.py                           1           0  0.11s           2026-08-17T20:54:54                      12
================================================================================
[2026-08-17T20:55:54.069+0000] {manager.py:997} INFO - 
================================================================================
DAG File Processing Stats

File Path                              PID    Runtime      # DAGs    # Errors  Last Runtime    Last Run               Last # of DB Queries
-------------------------------------  -----  ---------  --------  ----------  --------------  -------------------  ----------------------
/opt/airflow/dags/weather_pipeline.py                           1           0  0.11s           2026-08-17T20:55:24                      12
================================================================================
[2026-08-17T20:56:24.313+0000] {manager.py:997} INFO - 
================================================================================
DAG File Processing Stats

File Path                              PID    Runtime      # DAGs    # Errors  Last Runtime    Last Run               Last # of DB Queries
-------------------------------------  -----  ---------  --------  ----------  --------------  -------------------  ----------------------
/opt/airflow/dags/weather_pipeline.py                           1           0  0.30s           2026-08-17T20:55:55                      12
================================================================================
[2026-08-17T20:56:54.570+0000] {manager.py:997} INFO - 
================================================================================
DAG File Processing Stats

File Path                              PID    Runtime      # DAGs    # Errors  Last Runtime    Last Run               Last # of DB Queries
-------------------------------------  -----  ---------  --------  ----------  --------------  -------------------  ----------------------
/opt/airflow/dags/weather_pipeline.py                           1           0  0.30s           2026-08-17T20:56:26                      12
================================================================================
[2026-08-17T20:57:24.838+0000] {manager.py:997} INFO - 
================================================================================
DAG File Processing Stats

File Path                              PID    Runtime      # DAGs    # Errors  Last Runtime    Last Run               Last # of DB Queries
-------------------------------------  -----  ---------  --------  ----------  --------------  -------------------  ----------------------
/opt/airflow/dags/weather_pipeline.py                           1           0  0.21s           2026-08-17T20:56:57                      12
================================================================================
[2026-08-17T20:57:55.111+0000] {manager.py:997} INFO - 
================================================================================
DAG File Processing Stats

File Path                              PID    Runtime      # DAGs    # Errors  Last Runtime    Last Run               Last # of DB Queries
-------------------------------------  -----  ---------  --------  ----------  --------------  -------------------  ----------------------
/opt/airflow/dags/weather_pipeline.py                           1           0  0.20s           2026-08-17T20:57:28                      12
================================================================================
[2026-08-17T20:58:25.439+0000] {manager.py:997} INFO - 
================================================================================
DAG File Processing Stats

File Path                              PID    Runtime      # DAGs    # Errors  Last Runtime    Last Run               Last # of DB Queries
-------------------------------------  -----  ---------  --------  ----------  --------------  -------------------  ----------------------
/opt/airflow/dags/weather_pipeline.py                           1           0  0.20s           2026-08-17T20:57:58                      12
================================================================================
[2026-08-17T20:58:55.732+0000] {manager.py:997} INFO - 
================================================================================
DAG File Processing Stats

File Path                              PID    Runtime      # DAGs    # Errors  Last Runtime    Last Run               Last # of DB Queries
-------------------------------------  -----  ---------  --------  ----------  --------------  -------------------  ----------------------
/opt/airflow/dags/weather_pipeline.py                           1           0  0.20s           2026-08-17T20:58:28                      12
================================================================================
[2026-08-17T20:59:22.376+0000] {manager.py:821} INFO - Searching for files in /opt/airflow/dags
[2026-08-17T20:59:22.405+0000] {manager.py:824} INFO - There are 1 files in /opt/airflow/dags
[2026-08-17T20:59:26.016+0000] {manager.py:997} INFO - 
================================================================================
DAG File Processing Stats

File Path                              PID    Runtime      # DAGs    # Errors  Last Runtime    Last Run               Last # of DB Queries
-------------------------------------  -----  ---------  --------  ----------  --------------  -------------------  ----------------------
/opt/airflow/dags/weather_pipeline.py                           1           0  0.21s           2026-08-17T20:58:59                      12
================================================================================
[2026-08-17T20:59:56.291+0000] {manager.py:997} INFO - 
================================================================================
DAG File Processing Stats

File Path                              PID    Runtime      # DAGs    # Errors  Last Runtime    Last Run               Last # of DB Queries
-------------------------------------  -----  ---------  --------  ----------  --------------  -------------------  ----------------------
/opt/airflow/dags/weather_pipeline.py                           1           0  0.20s           2026-08-17T20:59:29                      12
================================================================================
[2026-08-17T21:00:26.587+0000] {manager.py:997} INFO - 
================================================================================
DAG File Processing Stats

File Path                              PID    Runtime      # DAGs    # Errors  Last Runtime    Last Run               Last # of DB Queries
-------------------------------------  -----  ---------  --------  ----------  --------------  -------------------  ----------------------
/opt/airflow/dags/weather_pipeline.py                           1           0  0.21s           2026-08-17T20:59:59                      12
================================================================================
[2026-08-17T21:00:56.866+0000] {manager.py:997} INFO - 
================================================================================
DAG File Processing Stats

File Path                              PID    Runtime      # DAGs    # Errors  Last Runtime    Last Run               Last # of DB Queries
-------------------------------------  -----  ---------  --------  ----------  --------------  -------------------  ----------------------
/opt/airflow/dags/weather_pipeline.py                           1           0  0.32s           2026-08-17T21:00:30                      12
================================================================================
[2026-08-17T21:01:27.345+0000] {manager.py:997} INFO - 
================================================================================
DAG File Processing Stats

File Path                              PID    Runtime      # DAGs    # Errors  Last Runtime    Last Run               Last # of DB Queries
-------------------------------------  -----  ---------  --------  ----------  --------------  -------------------  ----------------------
/opt/airflow/dags/weather_pipeline.py                           1           0  0.21s           2026-08-17T21:01:01                      12
================================================================================
[2026-08-17T21:01:57.820+0000] {manager.py:997} INFO - 
================================================================================
DAG File Processing Stats

File Path                              PID    Runtime      # DAGs    # Errors  Last Runtime    Last Run               Last # of DB Queries
-------------------------------------  -----  ---------  --------  ----------  --------------  -------------------  ----------------------
/opt/airflow/dags/weather_pipeline.py                           1           0  0.21s           2026-08-17T21:01:31                      12
================================================================================
[2026-08-17T21:02:28.303+0000] {manager.py:997} INFO - 
================================================================================
DAG File Processing Stats

File Path                              PID    Runtime      # DAGs    # Errors  Last Runtime    Last Run               Last # of DB Queries
-------------------------------------  -----  ---------  --------  ----------  --------------  -------------------  ----------------------
/opt/airflow/dags/weather_pipeline.py                           1           0  0.21s           2026-08-17T21:02:02                      12
================================================================================
[2026-08-17T21:02:58.809+0000] {manager.py:997} INFO - 
================================================================================
DAG File Processing Stats

File Path                              PID    Runtime      # DAGs    # Errors  Last Runtime    Last Run               Last # of DB Queries
-------------------------------------  -----  ---------  --------  ----------  --------------  -------------------  ----------------------
/opt/airflow/dags/weather_pipeline.py                           1           0  0.21s           2026-08-17T21:02:32                      12
================================================================================
[2026-08-17T21:03:29.281+0000] {manager.py:997} INFO - 
================================================================================
DAG File Processing Stats

File Path                              PID    Runtime      # DAGs    # Errors  Last Runtime    Last Run               Last # of DB Queries
-------------------------------------  -----  ---------  --------  ----------  --------------  -------------------  ----------------------
/opt/airflow/dags/weather_pipeline.py                           1           0  0.21s           2026-08-17T21:03:03                      12
================================================================================
[2026-08-17T21:03:59.803+0000] {manager.py:997} INFO - 
================================================================================
DAG File Processing Stats

File Path                              PID    Runtime      # DAGs    # Errors  Last Runtime    Last Run               Last # of DB Queries
-------------------------------------  -----  ---------  --------  ----------  --------------  -------------------  ----------------------
/opt/airflow/dags/weather_pipeline.py                           1           0  0.20s           2026-08-17T21:03:33                      12
================================================================================
[2026-08-17T21:04:22.551+0000] {manager.py:821} INFO - Searching for files in /opt/airflow/dags
[2026-08-17T21:04:22.583+0000] {manager.py:824} INFO - There are 2 files in /opt/airflow/dags
[2026-08-17T21:04:30.318+0000] {manager.py:997} INFO - 
================================================================================
DAG File Processing Stats

File Path                              PID    Runtime      # DAGs    # Errors  Last Runtime    Last Run               Last # of DB Queries
-------------------------------------  -----  ---------  --------  ----------  --------------  -------------------  ----------------------
/opt/airflow/dags/weather_pipeline.py                           1           0  0.20s           2026-08-17T21:04:04                      12
/opt/airflow/dags/pipeline_audit.py                             0           0  0.10s           2026-08-17T21:04:22                       3
================================================================================
[2026-08-17T21:05:00.773+0000] {manager.py:997} INFO - 
================================================================================
DAG File Processing Stats

File Path                              PID    Runtime      # DAGs    # Errors  Last Runtime    Last Run               Last # of DB Queries
-------------------------------------  -----  ---------  --------  ----------  --------------  -------------------  ----------------------
/opt/airflow/dags/weather_pipeline.py                           1           0  0.41s           2026-08-17T21:04:34                      12
/opt/airflow/dags/pipeline_audit.py                             0           0  0.11s           2026-08-17T21:04:52                       3
================================================================================
[2026-08-17T21:05:31.371+0000] {manager.py:997} INFO - 
================================================================================
DAG File Processing Stats

File Path                              PID    Runtime      # DAGs    # Errors  Last Runtime    Last Run               Last # of DB Queries
-------------------------------------  -----  ---------  --------  ----------  --------------  -------------------  ----------------------
/opt/airflow/dags/weather_pipeline.py                           1           0  0.41s           2026-08-17T21:05:05                      12
/opt/airflow/dags/pipeline_audit.py                             0           0  0.11s           2026-08-17T21:05:23                       3
================================================================================
[2026-08-17T21:06:01.674+0000] {manager.py:997} INFO - 
================================================================================
DAG File Processing Stats

File Path                              PID    Runtime      # DAGs    # Errors  Last Runtime    Last Run               Last # of DB Queries
-------------------------------------  -----  ---------  --------  ----------  --------------  -------------------  ----------------------
/opt/airflow/dags/weather_pipeline.py                           1           0  0.20s           2026-08-17T21:05:35                      12
/opt/airflow/dags/pipeline_audit.py                             0           0  0.10s           2026-08-17T21:05:53                       3
================================================================================
[2026-08-17T21:06:31.957+0000] {manager.py:997} INFO - 
================================================================================
DAG File Processing Stats

File Path                              PID    Runtime      # DAGs    # Errors  Last Runtime    Last Run               Last # of DB Queries
-------------------------------------  -----  ---------  --------  ----------  --------------  -------------------  ----------------------
/opt/airflow/dags/weather_pipeline.py                           1           0  0.11s           2026-08-17T21:06:05                      12
/opt/airflow/dags/pipeline_audit.py                             0           0  0.10s           2026-08-17T21:06:24                       3
================================================================================
[2026-08-17T21:07:02.245+0000] {manager.py:997} INFO - 
================================================================================
DAG File Processing Stats

File Path                              PID    Runtime      # DAGs    # Errors  Last Runtime    Last Run               Last # of DB Queries
-------------------------------------  -----  ---------  --------  ----------  --------------  -------------------  ----------------------
/opt/airflow/dags/weather_pipeline.py                           1           0  0.21s           2026-08-17T21:06:35                      12
/opt/airflow/dags/pipeline_audit.py                             0           0  0.10s           2026-08-17T21:06:54                       3
================================================================================
[2026-08-17T21:07:32.559+0000] {manager.py:997} INFO - 
================================================================================
DAG File Processing Stats

File Path                              PID    Runtime      # DAGs    # Errors  Last Runtime    Last Run               Last # of DB Queries
-------------------------------------  -----  ---------  --------  ----------  --------------  -------------------  ----------------------
/opt/airflow/dags/weather_pipeline.py                           1           0  0.20s           2026-08-17T21:07:06                      12
/opt/airflow/dags/pipeline_audit.py                             0           0  0.11s           2026-08-17T21:07:24                       3
================================================================================
[2026-08-17T21:08:02.823+0000] {manager.py:997} INFO - 
================================================================================
DAG File Processing Stats

File Path                              PID    Runtime      # DAGs    # Errors  Last Runtime    Last Run               Last # of DB Queries
-------------------------------------  -----  ---------  --------  ----------  --------------  -------------------  ----------------------
/opt/airflow/dags/weather_pipeline.py                           1           0  0.11s           2026-08-17T21:07:36                      12
/opt/airflow/dags/pipeline_audit.py                             0           0  0.10s           2026-08-17T21:07:54                       3
================================================================================
[2026-08-17T21:08:33.115+0000] {manager.py:997} INFO - 
================================================================================
DAG File Processing Stats

File Path                              PID    Runtime      # DAGs    # Errors  Last Runtime    Last Run               Last # of DB Queries
-------------------------------------  -----  ---------  --------  ----------  --------------  -------------------  ----------------------
/opt/airflow/dags/weather_pipeline.py                           1           0  0.11s           2026-08-17T21:08:06                      12
/opt/airflow/dags/pipeline_audit.py                             0           0  0.10s           2026-08-17T21:08:24                       3
================================================================================
[2026-08-17T21:09:03.390+0000] {manager.py:997} INFO - 
================================================================================
DAG File Processing Stats

File Path                              PID    Runtime      # DAGs    # Errors  Last Runtime    Last Run               Last # of DB Queries
-------------------------------------  -----  ---------  --------  ----------  --------------  -------------------  ----------------------
/opt/airflow/dags/weather_pipeline.py                           1           0  0.31s           2026-08-17T21:08:37                      12
/opt/airflow/dags/pipeline_audit.py                             0           0  0.10s           2026-08-17T21:08:54                       3
================================================================================
[2026-08-17T21:09:22.764+0000] {manager.py:821} INFO - Searching for files in /opt/airflow/dags
[2026-08-17T21:09:22.804+0000] {manager.py:824} INFO - There are 2 files in /opt/airflow/dags
[2026-08-17T21:09:33.947+0000] {manager.py:997} INFO - 
================================================================================
DAG File Processing Stats

File Path                              PID    Runtime      # DAGs    # Errors  Last Runtime    Last Run               Last # of DB Queries
-------------------------------------  -----  ---------  --------  ----------  --------------  -------------------  ----------------------
/opt/airflow/dags/weather_pipeline.py                           1           0  0.41s           2026-08-17T21:09:07                      12
/opt/airflow/dags/pipeline_audit.py                             0           0  0.11s           2026-08-17T21:09:25                       3
================================================================================
[2026-08-17T21:12:42.401+0000] {manager.py:465} INFO - Exiting gracefully upon receiving signal 15
[2026-08-17T21:12:42.631+0000] {manager.py:483} INFO - Processing files using up to 1 processes at a time 
[2026-08-17T21:12:42.632+0000] {manager.py:484} INFO - Process each file at most once every 30 seconds
[2026-08-17T21:12:42.634+0000] {manager.py:485} INFO - Checking for new files in /opt/airflow/dags every 300 seconds
[2026-08-17T21:12:42.635+0000] {manager.py:821} INFO - Searching for files in /opt/airflow/dags
[2026-08-17T21:12:42.661+0000] {manager.py:824} INFO - There are 2 files in /opt/airflow/dags
[2026-08-17T21:12:42.804+0000] {manager.py:997} INFO - 
================================================================================
DAG File Processing Stats

File Path                              PID    Runtime      # DAGs    # Errors  Last Runtime    Last Run               Last # of DB Queries
-------------------------------------  -----  ---------  --------  ----------  --------------  -------------------  ----------------------
/opt/airflow/dags/pipeline_audit.py                             0           0  0.11s           2026-08-17T21:12:42                       3
/opt/airflow/dags/weather_pipeline.py                           0           0                                                            0
================================================================================
[2026-08-17T21:13:12.934+0000] {manager.py:997} INFO - 
================================================================================
DAG File Processing Stats

File Path                              PID    Runtime      # DAGs    # Errors  Last Runtime    Last Run               Last # of DB Queries
-------------------------------------  -----  ---------  --------  ----------  --------------  -------------------  ----------------------
/opt/airflow/dags/weather_pipeline.py                           1           0  0.21s           2026-08-17T21:12:44                      17
/opt/airflow/dags/pipeline_audit.py                             0           0  0.10s           2026-08-17T21:13:12                       3
================================================================================
[2026-08-17T21:13:43.350+0000] {manager.py:997} INFO - 
================================================================================
DAG File Processing Stats

File Path                              PID    Runtime      # DAGs    # Errors  Last Runtime    Last Run               Last # of DB Queries
-------------------------------------  -----  ---------  --------  ----------  --------------  -------------------  ----------------------
/opt/airflow/dags/weather_pipeline.py                           1           0  0.21s           2026-08-17T21:13:15                      12
/opt/airflow/dags/pipeline_audit.py                             0           0  0.10s           2026-08-17T21:13:43                       3
================================================================================
[2026-08-17T21:14:13.751+0000] {manager.py:997} INFO - 
================================================================================
DAG File Processing Stats

File Path                              PID    Runtime      # DAGs    # Errors  Last Runtime    Last Run               Last # of DB Queries
-------------------------------------  -----  ---------  --------  ----------  --------------  -------------------  ----------------------
/opt/airflow/dags/weather_pipeline.py                           1           0  0.21s           2026-08-17T21:13:45                      12
/opt/airflow/dags/pipeline_audit.py                             0           0  0.11s           2026-08-17T21:14:13                       3
================================================================================
[2026-08-17T21:14:44.126+0000] {manager.py:997} INFO - 
================================================================================
DAG File Processing Stats

File Path                              PID    Runtime      # DAGs    # Errors  Last Runtime    Last Run               Last # of DB Queries
-------------------------------------  -----  ---------  --------  ----------  --------------  -------------------  ----------------------
/opt/airflow/dags/pipeline_audit.py                             0           0  0.11s           2026-08-17T21:14:44                       3
/opt/airflow/dags/weather_pipeline.py                           1           0  0.11s           2026-08-17T21:14:15                      12
================================================================================
[2026-08-17T21:15:14.134+0000] {manager.py:997} INFO - 
================================================================================
DAG File Processing Stats

File Path                              PID    Runtime      # DAGs    # Errors  Last Runtime    Last Run               Last # of DB Queries
-------------------------------------  -----  ---------  --------  ----------  --------------  -------------------  ----------------------
/opt/airflow/dags/weather_pipeline.py                           1           0  0.21s           2026-08-17T21:14:46                      12
/opt/airflow/dags/pipeline_audit.py                             0           0  0.11s           2026-08-17T21:14:44                       3
================================================================================
[2026-08-17T21:15:44.201+0000] {manager.py:997} INFO - 
================================================================================
DAG File Processing Stats

File Path                              PID    Runtime      # DAGs    # Errors  Last Runtime    Last Run               Last # of DB Queries
-------------------------------------  -----  ---------  --------  ----------  --------------  -------------------  ----------------------
/opt/airflow/dags/weather_pipeline.py                           1           0  0.21s           2026-08-17T21:15:16                      12
/opt/airflow/dags/pipeline_audit.py                             0           0  0.11s           2026-08-17T21:15:14                       3
================================================================================
[2026-08-17T21:16:14.290+0000] {manager.py:997} INFO - 
================================================================================
DAG File Processing Stats

File Path                              PID    Runtime      # DAGs    # Errors  Last Runtime    Last Run               Last # of DB Queries
-------------------------------------  -----  ---------  --------  ----------  --------------  -------------------  ----------------------
/opt/airflow/dags/weather_pipeline.py                           1           0  0.21s           2026-08-17T21:15:47                      12
/opt/airflow/dags/pipeline_audit.py                             0           0  0.10s           2026-08-17T21:15:44                       3
================================================================================
[2026-08-17T21:16:44.373+0000] {manager.py:997} INFO - 
================================================================================
DAG File Processing Stats

File Path                              PID    Runtime      # DAGs    # Errors  Last Runtime    Last Run               Last # of DB Queries
-------------------------------------  -----  ---------  --------  ----------  --------------  -------------------  ----------------------
/opt/airflow/dags/weather_pipeline.py                           1           0  0.21s           2026-08-17T21:16:17                      12
/opt/airflow/dags/pipeline_audit.py                             0           0  0.10s           2026-08-17T21:16:15                       3
================================================================================
[2026-08-17T21:17:14.462+0000] {manager.py:997} INFO - 
================================================================================
DAG File Processing Stats

File Path                              PID    Runtime      # DAGs    # Errors  Last Runtime    Last Run               Last # of DB Queries
-------------------------------------  -----  ---------  --------  ----------  --------------  -------------------  ----------------------
/opt/airflow/dags/pipeline_audit.py                             0           0  0.10s           2026-08-17T21:16:45                       3
/opt/airflow/dags/weather_pipeline.py                           1           0  0.10s           2026-08-17T21:16:47                      12
================================================================================
[2026-08-17T21:17:42.722+0000] {manager.py:821} INFO - Searching for files in /opt/airflow/dags
[2026-08-17T21:17:42.753+0000] {manager.py:824} INFO - There are 2 files in /opt/airflow/dags
[2026-08-17T21:17:44.551+0000] {manager.py:997} INFO - 
================================================================================
DAG File Processing Stats

File Path                              PID    Runtime      # DAGs    # Errors  Last Runtime    Last Run               Last # of DB Queries
-------------------------------------  -----  ---------  --------  ----------  --------------  -------------------  ----------------------
/opt/airflow/dags/pipeline_audit.py                             0           0  0.11s           2026-08-17T21:17:15                       3
/opt/airflow/dags/weather_pipeline.py                           1           0  0.10s           2026-08-17T21:17:18                      12
================================================================================
[2026-08-17T21:18:14.641+0000] {manager.py:997} INFO - 
================================================================================
DAG File Processing Stats

File Path                              PID    Runtime      # DAGs    # Errors  Last Runtime    Last Run               Last # of DB Queries
-------------------------------------  -----  ---------  --------  ----------  --------------  -------------------  ----------------------
/opt/airflow/dags/weather_pipeline.py                           1           0  0.11s           2026-08-17T21:17:48                      12
/opt/airflow/dags/pipeline_audit.py                             0           0  0.11s           2026-08-17T21:17:46                       3
================================================================================
[2026-08-17T21:18:44.731+0000] {manager.py:997} INFO - 
================================================================================
DAG File Processing Stats

File Path                              PID    Runtime      # DAGs    # Errors  Last Runtime    Last Run               Last # of DB Queries
-------------------------------------  -----  ---------  --------  ----------  --------------  -------------------  ----------------------
/opt/airflow/dags/weather_pipeline.py                           1           0  0.21s           2026-08-17T21:18:18                      12
/opt/airflow/dags/pipeline_audit.py                             0           0  0.11s           2026-08-17T21:18:16                       3
================================================================================
[2026-08-17T21:19:14.817+0000] {manager.py:997} INFO - 
================================================================================
DAG File Processing Stats

File Path                              PID    Runtime      # DAGs    # Errors  Last Runtime    Last Run               Last # of DB Queries
-------------------------------------  -----  ---------  --------  ----------  --------------  -------------------  ----------------------
/opt/airflow/dags/weather_pipeline.py                           1           0  0.21s           2026-08-17T21:18:49                      12
/opt/airflow/dags/pipeline_audit.py                             0           0  0.11s           2026-08-17T21:18:46                       3
================================================================================
[2026-08-17T21:19:44.917+0000] {manager.py:997} INFO - 
================================================================================
DAG File Processing Stats

File Path                              PID    Runtime      # DAGs    # Errors  Last Runtime    Last Run               Last # of DB Queries
-------------------------------------  -----  ---------  --------  ----------  --------------  -------------------  ----------------------
/opt/airflow/dags/pipeline_audit.py                             0           0  0.11s           2026-08-17T21:19:17                       3
/opt/airflow/dags/weather_pipeline.py                           1           0  0.11s           2026-08-17T21:19:19                      12
================================================================================
[2026-08-17T21:20:15.004+0000] {manager.py:997} INFO - 
================================================================================
DAG File Processing Stats

File Path                              PID    Runtime      # DAGs    # Errors  Last Runtime    Last Run               Last # of DB Queries
-------------------------------------  -----  ---------  --------  ----------  --------------  -------------------  ----------------------
/opt/airflow/dags/weather_pipeline.py                           1           0  0.21s           2026-08-17T21:19:50                      12
/opt/airflow/dags/pipeline_audit.py                             0           0  0.10s           2026-08-17T21:19:47                       3
================================================================================
[2026-08-17T21:20:45.093+0000] {manager.py:997} INFO - 
================================================================================
DAG File Processing Stats

File Path                              PID    Runtime      # DAGs    # Errors  Last Runtime    Last Run               Last # of DB Queries
-------------------------------------  -----  ---------  --------  ----------  --------------  -------------------  ----------------------
/opt/airflow/dags/weather_pipeline.py                           1           0  0.21s           2026-08-17T21:20:20                      12
/opt/airflow/dags/pipeline_audit.py                             0           0  0.10s           2026-08-17T21:20:18                       3
================================================================================
[2026-08-17T21:23:46.056+0000] {manager.py:465} INFO - Exiting gracefully upon receiving signal 15
[2026-08-17T21:23:46.310+0000] {manager.py:483} INFO - Processing files using up to 1 processes at a time 
[2026-08-17T21:23:46.312+0000] {manager.py:484} INFO - Process each file at most once every 30 seconds
[2026-08-17T21:23:46.313+0000] {manager.py:485} INFO - Checking for new files in /opt/airflow/dags every 300 seconds
[2026-08-17T21:23:46.314+0000] {manager.py:821} INFO - Searching for files in /opt/airflow/dags
[2026-08-17T21:23:46.350+0000] {manager.py:824} INFO - There are 2 files in /opt/airflow/dags
[2026-08-17T21:23:46.495+0000] {manager.py:997} INFO - 
================================================================================
DAG File Processing Stats

File Path                              PID    Runtime      # DAGs    # Errors  Last Runtime    Last Run               Last # of DB Queries
-------------------------------------  -----  ---------  --------  ----------  --------------  -------------------  ----------------------
/opt/airflow/dags/pipeline_audit.py                             0           0  0.11s           2026-08-17T21:23:46                       3
/opt/airflow/dags/weather_pipeline.py                           0           0                                                            0
================================================================================
[2026-08-17T21:24:17.653+0000] {manager.py:997} INFO - 
================================================================================
DAG File Processing Stats

File Path                              PID    Runtime      # DAGs    # Errors  Last Runtime    Last Run               Last # of DB Queries
-------------------------------------  -----  ---------  --------  ----------  --------------  -------------------  ----------------------
/opt/airflow/dags/weather_pipeline.py                           1           0  0.21s           2026-08-17T21:23:48                      17
/opt/airflow/dags/pipeline_audit.py                             0           0  0.10s           2026-08-17T21:24:17                       3
================================================================================
[2026-08-17T21:24:47.943+0000] {manager.py:997} INFO - 
================================================================================
DAG File Processing Stats

File Path                              PID    Runtime      # DAGs    # Errors  Last Runtime    Last Run               Last # of DB Queries
-------------------------------------  -----  ---------  --------  ----------  --------------  -------------------  ----------------------
/opt/airflow/dags/weather_pipeline.py                           1           0  0.21s           2026-08-17T21:24:18                      12
/opt/airflow/dags/pipeline_audit.py                             0           0  0.11s           2026-08-17T21:24:47                       3
================================================================================
[2026-08-17T21:25:18.246+0000] {manager.py:997} INFO - 
================================================================================
DAG File Processing Stats

File Path                              PID    Runtime      # DAGs    # Errors  Last Runtime    Last Run               Last # of DB Queries
-------------------------------------  -----  ---------  --------  ----------  --------------  -------------------  ----------------------
/opt/airflow/dags/weather_pipeline.py                           1           0  0.21s           2026-08-17T21:24:49                      12
/opt/airflow/dags/pipeline_audit.py                             0           0  0.11s           2026-08-17T21:25:18                       3
================================================================================
[2026-08-17T21:25:48.573+0000] {manager.py:997} INFO - 
================================================================================
DAG File Processing Stats

File Path                              PID    Runtime      # DAGs    # Errors  Last Runtime    Last Run               Last # of DB Queries
-------------------------------------  -----  ---------  --------  ----------  --------------  -------------------  ----------------------
/opt/airflow/dags/weather_pipeline.py                           1           0  0.41s           2026-08-17T21:25:19                      12
/opt/airflow/dags/pipeline_audit.py                             0           0  0.10s           2026-08-17T21:25:48                       3
================================================================================
[2026-08-17T21:26:18.879+0000] {manager.py:997} INFO - 
================================================================================
DAG File Processing Stats

File Path                              PID    Runtime      # DAGs    # Errors  Last Runtime    Last Run               Last # of DB Queries
-------------------------------------  -----  ---------  --------  ----------  --------------  -------------------  ----------------------
/opt/airflow/dags/weather_pipeline.py                           1           0  0.20s           2026-08-17T21:25:50                      12
/opt/airflow/dags/pipeline_audit.py                             0           0  0.11s           2026-08-17T21:26:18                       3
================================================================================
[2026-08-17T21:26:49.165+0000] {manager.py:997} INFO - 
================================================================================
DAG File Processing Stats

File Path                              PID    Runtime      # DAGs    # Errors  Last Runtime    Last Run               Last # of DB Queries
-------------------------------------  -----  ---------  --------  ----------  --------------  -------------------  ----------------------
/opt/airflow/dags/weather_pipeline.py                           1           0  0.20s           2026-08-17T21:26:21                      12
/opt/airflow/dags/pipeline_audit.py                             0           0  0.11s           2026-08-17T21:26:49                       3
================================================================================
[2026-08-17T21:27:19.480+0000] {manager.py:997} INFO - 
================================================================================
DAG File Processing Stats

File Path                              PID    Runtime      # DAGs    # Errors  Last Runtime    Last Run               Last # of DB Queries
-------------------------------------  -----  ---------  --------  ----------  --------------  -------------------  ----------------------
/opt/airflow/dags/weather_pipeline.py                           1           0  0.21s           2026-08-17T21:26:51                      12
/opt/airflow/dags/pipeline_audit.py                             0           0  0.11s           2026-08-17T21:27:19                       3
================================================================================
[2026-08-17T21:27:49.768+0000] {manager.py:997} INFO - 
================================================================================
DAG File Processing Stats

File Path                              PID    Runtime      # DAGs    # Errors  Last Runtime    Last Run               Last # of DB Queries
-------------------------------------  -----  ---------  --------  ----------  --------------  -------------------  ----------------------
/opt/airflow/dags/weather_pipeline.py                           1           0  0.21s           2026-08-17T21:27:21                      12
/opt/airflow/dags/pipeline_audit.py                             0           0  0.11s           2026-08-17T21:27:49                       3
================================================================================
[2026-08-17T21:28:20.039+0000] {manager.py:997} INFO - 
================================================================================
DAG File Processing Stats

File Path                              PID    Runtime      # DAGs    # Errors  Last Runtime    Last Run               Last # of DB Queries
-------------------------------------  -----  ---------  --------  ----------  --------------  -------------------  ----------------------
/opt/airflow/dags/weather_pipeline.py                           1           0  0.21s           2026-08-17T21:27:52                      12
/opt/airflow/dags/pipeline_audit.py                             0           0  0.11s           2026-08-17T21:28:20                       3
================================================================================
[2026-08-17T21:28:46.339+0000] {manager.py:821} INFO - Searching for files in /opt/airflow/dags
[2026-08-17T21:28:46.372+0000] {manager.py:824} INFO - There are 2 files in /opt/airflow/dags
[2026-08-17T21:28:50.321+0000] {manager.py:997} INFO - 
================================================================================
DAG File Processing Stats

File Path                              PID    Runtime      # DAGs    # Errors  Last Runtime    Last Run               Last # of DB Queries
-------------------------------------  -----  ---------  --------  ----------  --------------  -------------------  ----------------------
/opt/airflow/dags/weather_pipeline.py                           1           0  0.21s           2026-08-17T21:28:22                      12
/opt/airflow/dags/pipeline_audit.py                             0           0  0.10s           2026-08-17T21:28:50                       3
================================================================================
[2026-08-17T21:29:20.621+0000] {manager.py:997} INFO - 
================================================================================
DAG File Processing Stats

File Path                              PID    Runtime      # DAGs    # Errors  Last Runtime    Last Run               Last # of DB Queries
-------------------------------------  -----  ---------  --------  ----------  --------------  -------------------  ----------------------
/opt/airflow/dags/weather_pipeline.py                           1           0  0.21s           2026-08-17T21:28:52                      12
/opt/airflow/dags/pipeline_audit.py                             0           0  0.11s           2026-08-17T21:29:20                       3
================================================================================
[2026-08-17T21:29:50.917+0000] {manager.py:997} INFO - 
================================================================================
DAG File Processing Stats

File Path                              PID    Runtime      # DAGs    # Errors  Last Runtime    Last Run               Last # of DB Queries
-------------------------------------  -----  ---------  --------  ----------  --------------  -------------------  ----------------------
/opt/airflow/dags/weather_pipeline.py                           1           0  0.21s           2026-08-17T21:29:23                      12
/opt/airflow/dags/pipeline_audit.py                             0           0  0.11s           2026-08-17T21:29:50                       3
================================================================================
[2026-08-17T21:30:21.208+0000] {manager.py:997} INFO - 
================================================================================
DAG File Processing Stats

File Path                              PID    Runtime      # DAGs    # Errors  Last Runtime    Last Run               Last # of DB Queries
-------------------------------------  -----  ---------  --------  ----------  --------------  -------------------  ----------------------
/opt/airflow/dags/weather_pipeline.py                           1           0  0.21s           2026-08-17T21:29:54                      12
/opt/airflow/dags/pipeline_audit.py                             0           0  0.11s           2026-08-17T21:30:21                       3
================================================================================
[2026-08-17T21:30:51.516+0000] {manager.py:997} INFO - 
================================================================================
DAG File Processing Stats

File Path                              PID    Runtime      # DAGs    # Errors  Last Runtime    Last Run               Last # of DB Queries
-------------------------------------  -----  ---------  --------  ----------  --------------  -------------------  ----------------------
/opt/airflow/dags/weather_pipeline.py                           1           0  0.21s           2026-08-17T21:30:24                      12
/opt/airflow/dags/pipeline_audit.py                             0           0  0.11s           2026-08-17T21:30:51                       3
================================================================================
[2026-08-17T21:31:21.820+0000] {manager.py:997} INFO - 
================================================================================
DAG File Processing Stats

File Path                              PID    Runtime      # DAGs    # Errors  Last Runtime    Last Run               Last # of DB Queries
-------------------------------------  -----  ---------  --------  ----------  --------------  -------------------  ----------------------
/opt/airflow/dags/weather_pipeline.py                           1           0  0.21s           2026-08-17T21:30:54                      12
/opt/airflow/dags/pipeline_audit.py                             0           0  0.11s           2026-08-17T21:31:21                       3
================================================================================
[2026-08-17T21:31:52.087+0000] {manager.py:997} INFO - 
================================================================================
DAG File Processing Stats

File Path                              PID    Runtime      # DAGs    # Errors  Last Runtime    Last Run               Last # of DB Queries
-------------------------------------  -----  ---------  --------  ----------  --------------  -------------------  ----------------------
/opt/airflow/dags/weather_pipeline.py                           1           0  0.21s           2026-08-17T21:31:25                      12
/opt/airflow/dags/pipeline_audit.py                             0           0  0.11s           2026-08-17T21:31:52                       3
================================================================================
[2026-08-17T21:32:22.330+0000] {manager.py:997} INFO - 
================================================================================
DAG File Processing Stats

File Path                              PID    Runtime      # DAGs    # Errors  Last Runtime    Last Run               Last # of DB Queries
-------------------------------------  -----  ---------  --------  ----------  --------------  -------------------  ----------------------
/opt/airflow/dags/weather_pipeline.py                           1           0  0.21s           2026-08-17T21:31:55                      12
/opt/airflow/dags/pipeline_audit.py                             0           0  0.11s           2026-08-17T21:32:22                       3
================================================================================
[2026-08-17T21:32:52.624+0000] {manager.py:997} INFO - 
================================================================================
DAG File Processing Stats

File Path                              PID    Runtime      # DAGs    # Errors  Last Runtime    Last Run               Last # of DB Queries
-------------------------------------  -----  ---------  --------  ----------  --------------  -------------------  ----------------------
/opt/airflow/dags/weather_pipeline.py                           1           0  0.21s           2026-08-17T21:32:25                      12
/opt/airflow/dags/pipeline_audit.py                             0           0  0.10s           2026-08-17T21:32:52                       3
================================================================================
[2026-08-17T21:33:22.917+0000] {manager.py:997} INFO - 
================================================================================
DAG File Processing Stats

File Path                              PID    Runtime      # DAGs    # Errors  Last Runtime    Last Run               Last # of DB Queries
-------------------------------------  -----  ---------  --------  ----------  --------------  -------------------  ----------------------
/opt/airflow/dags/pipeline_audit.py                             0           0  0.11s           2026-08-17T21:33:22                       3
/opt/airflow/dags/weather_pipeline.py                           1           0  0.11s           2026-08-17T21:32:55                      12
================================================================================
[2026-08-17T21:33:46.375+0000] {manager.py:821} INFO - Searching for files in /opt/airflow/dags
[2026-08-17T21:33:46.402+0000] {manager.py:824} INFO - There are 2 files in /opt/airflow/dags
[2026-08-17T21:33:53.202+0000] {manager.py:997} INFO - 
================================================================================
DAG File Processing Stats

File Path                              PID    Runtime      # DAGs    # Errors  Last Runtime    Last Run               Last # of DB Queries
-------------------------------------  -----  ---------  --------  ----------  --------------  -------------------  ----------------------
/opt/airflow/dags/weather_pipeline.py                           1           0  0.11s           2026-08-17T21:33:26                      12
/opt/airflow/dags/pipeline_audit.py                             0           0  0.11s           2026-08-17T21:33:53                       3
================================================================================
[2026-08-17T21:34:23.500+0000] {manager.py:997} INFO - 
================================================================================
DAG File Processing Stats

File Path                              PID    Runtime      # DAGs    # Errors  Last Runtime    Last Run               Last # of DB Queries
-------------------------------------  -----  ---------  --------  ----------  --------------  -------------------  ----------------------
/opt/airflow/dags/weather_pipeline.py                           1           0  0.21s           2026-08-17T21:33:56                      12
/opt/airflow/dags/pipeline_audit.py                             0           0  0.10s           2026-08-17T21:34:23                       3
================================================================================
