[2026-08-17T21:09:55.349+0000] {local_task_job_runner.py:123} INFO - ::group::Pre task execution logs
[2026-08-17T21:09:55.357+0000] {taskinstance.py:2612} INFO - Dependencies all met for dep_context=non-requeueable deps ti=<TaskInstance: weather_data_integration_phase7.run_databricks_pipeline manual__2026-08-17T21:09:51.080620+00:00 [queued]>
[2026-08-17T21:09:55.363+0000] {taskinstance.py:2612} INFO - Dependencies all met for dep_context=requeueable deps ti=<TaskInstance: weather_data_integration_phase7.run_databricks_pipeline manual__2026-08-17T21:09:51.080620+00:00 [queued]>
[2026-08-17T21:09:55.366+0000] {taskinstance.py:2865} INFO - Starting attempt 1 of 2
[2026-08-17T21:09:55.387+0000] {taskinstance.py:2888} INFO - Executing <Task(DatabricksRunNowOperator): run_databricks_pipeline> on 2026-08-17 21:09:51.080620+00:00
[2026-08-17T21:09:55.393+0000] {standard_task_runner.py:72} INFO - Started process 266 to run task
[2026-08-17T21:09:55.397+0000] {standard_task_runner.py:104} INFO - Running: ['airflow', 'tasks', 'run', 'weather_data_integration_phase7', 'run_databricks_pipeline', 'manual__2026-08-17T21:09:51.080620+00:00', '--job-id', '8', '--raw', '--subdir', 'DAGS_FOLDER/weather_pipeline.py', '--cfg-path', '/tmp/tmpk2nn4rmu']
[2026-08-17T21:09:55.400+0000] {standard_task_runner.py:105} INFO - Job 8: Subtask run_databricks_pipeline
[2026-08-17T21:09:55.531+0000] {task_command.py:467} INFO - Running <TaskInstance: weather_data_integration_phase7.run_databricks_pipeline manual__2026-08-17T21:09:51.080620+00:00 [running]> on host 96b3f2409252
[2026-08-17T21:09:55.650+0000] {taskinstance.py:3131} INFO - Exporting env vars: AIRFLOW_CTX_DAG_OWNER='weather-data-platform' AIRFLOW_CTX_DAG_ID='weather_data_integration_phase7' AIRFLOW_CTX_TASK_ID='run_databricks_pipeline' AIRFLOW_CTX_EXECUTION_DATE='2026-08-17T21:09:51.080620+00:00' AIRFLOW_CTX_TRY_NUMBER='1' AIRFLOW_CTX_DAG_RUN_ID='manual__2026-08-17T21:09:51.080620+00:00'
[2026-08-17T21:09:55.653+0000] {taskinstance.py:731} INFO - ::endgroup::
[2026-08-17T21:09:56.152+0000] {base.py:84} INFO - Retrieving connection 'databricks_weather_data_integration'
[2026-08-17T21:09:57.656+0000] {databricks.py:66} INFO - Run submitted with run_id: 382579703564420
[2026-08-17T21:09:59.193+0000] {databricks.py:118} INFO - run_databricks_pipeline in run state: {'life_cycle_state': 'RUNNING', 'result_state': '', 'state_message': ''}
[2026-08-17T21:09:59.196+0000] {databricks.py:119} INFO - View run status, Spark UI, and logs at https://dbc-39ee3252-8e93.cloud.databricks.com/?o=7474645273712602#job/1115529242462150/run/382579703564420
[2026-08-17T21:09:59.197+0000] {databricks.py:120} INFO - Sleeping for 10 seconds.
[2026-08-17T21:10:10.193+0000] {databricks.py:118} INFO - run_databricks_pipeline in run state: {'life_cycle_state': 'RUNNING', 'result_state': '', 'state_message': ''}
[2026-08-17T21:10:10.197+0000] {databricks.py:119} INFO - View run status, Spark UI, and logs at https://dbc-39ee3252-8e93.cloud.databricks.com/?o=7474645273712602#job/1115529242462150/run/382579703564420
[2026-08-17T21:10:10.198+0000] {databricks.py:120} INFO - Sleeping for 10 seconds.
[2026-08-17T21:10:21.070+0000] {databricks.py:118} INFO - run_databricks_pipeline in run state: {'life_cycle_state': 'RUNNING', 'result_state': '', 'state_message': ''}
[2026-08-17T21:10:21.073+0000] {databricks.py:119} INFO - View run status, Spark UI, and logs at https://dbc-39ee3252-8e93.cloud.databricks.com/?o=7474645273712602#job/1115529242462150/run/382579703564420
[2026-08-17T21:10:21.075+0000] {databricks.py:120} INFO - Sleeping for 10 seconds.
[2026-08-17T21:10:31.928+0000] {databricks.py:118} INFO - run_databricks_pipeline in run state: {'life_cycle_state': 'RUNNING', 'result_state': '', 'state_message': ''}
[2026-08-17T21:10:31.930+0000] {databricks.py:119} INFO - View run status, Spark UI, and logs at https://dbc-39ee3252-8e93.cloud.databricks.com/?o=7474645273712602#job/1115529242462150/run/382579703564420
[2026-08-17T21:10:31.932+0000] {databricks.py:120} INFO - Sleeping for 10 seconds.
[2026-08-17T21:10:42.778+0000] {databricks.py:118} INFO - run_databricks_pipeline in run state: {'life_cycle_state': 'RUNNING', 'result_state': '', 'state_message': ''}
[2026-08-17T21:10:42.781+0000] {databricks.py:119} INFO - View run status, Spark UI, and logs at https://dbc-39ee3252-8e93.cloud.databricks.com/?o=7474645273712602#job/1115529242462150/run/382579703564420
[2026-08-17T21:10:42.782+0000] {databricks.py:120} INFO - Sleeping for 10 seconds.
[2026-08-17T21:10:53.588+0000] {databricks.py:118} INFO - run_databricks_pipeline in run state: {'life_cycle_state': 'RUNNING', 'result_state': '', 'state_message': ''}
[2026-08-17T21:10:53.590+0000] {databricks.py:119} INFO - View run status, Spark UI, and logs at https://dbc-39ee3252-8e93.cloud.databricks.com/?o=7474645273712602#job/1115529242462150/run/382579703564420
[2026-08-17T21:10:53.592+0000] {databricks.py:120} INFO - Sleeping for 10 seconds.
[2026-08-17T21:11:04.462+0000] {databricks.py:118} INFO - run_databricks_pipeline in run state: {'life_cycle_state': 'RUNNING', 'result_state': '', 'state_message': ''}
[2026-08-17T21:11:04.464+0000] {databricks.py:119} INFO - View run status, Spark UI, and logs at https://dbc-39ee3252-8e93.cloud.databricks.com/?o=7474645273712602#job/1115529242462150/run/382579703564420
[2026-08-17T21:11:04.465+0000] {databricks.py:120} INFO - Sleeping for 10 seconds.
[2026-08-17T21:11:15.286+0000] {databricks.py:118} INFO - run_databricks_pipeline in run state: {'life_cycle_state': 'RUNNING', 'result_state': '', 'state_message': ''}
[2026-08-17T21:11:15.288+0000] {databricks.py:119} INFO - View run status, Spark UI, and logs at https://dbc-39ee3252-8e93.cloud.databricks.com/?o=7474645273712602#job/1115529242462150/run/382579703564420
[2026-08-17T21:11:15.289+0000] {databricks.py:120} INFO - Sleeping for 10 seconds.
[2026-08-17T21:11:26.144+0000] {databricks.py:118} INFO - run_databricks_pipeline in run state: {'life_cycle_state': 'RUNNING', 'result_state': '', 'state_message': ''}
[2026-08-17T21:11:26.146+0000] {databricks.py:119} INFO - View run status, Spark UI, and logs at https://dbc-39ee3252-8e93.cloud.databricks.com/?o=7474645273712602#job/1115529242462150/run/382579703564420
[2026-08-17T21:11:26.147+0000] {databricks.py:120} INFO - Sleeping for 10 seconds.
[2026-08-17T21:11:36.977+0000] {databricks.py:118} INFO - run_databricks_pipeline in run state: {'life_cycle_state': 'RUNNING', 'result_state': '', 'state_message': ''}
[2026-08-17T21:11:36.980+0000] {databricks.py:119} INFO - View run status, Spark UI, and logs at https://dbc-39ee3252-8e93.cloud.databricks.com/?o=7474645273712602#job/1115529242462150/run/382579703564420
[2026-08-17T21:11:36.981+0000] {databricks.py:120} INFO - Sleeping for 10 seconds.
[2026-08-17T21:11:47.794+0000] {databricks.py:118} INFO - run_databricks_pipeline in run state: {'life_cycle_state': 'RUNNING', 'result_state': '', 'state_message': ''}
[2026-08-17T21:11:47.796+0000] {databricks.py:119} INFO - View run status, Spark UI, and logs at https://dbc-39ee3252-8e93.cloud.databricks.com/?o=7474645273712602#job/1115529242462150/run/382579703564420
[2026-08-17T21:11:47.797+0000] {databricks.py:120} INFO - Sleeping for 10 seconds.
[2026-08-17T21:11:58.620+0000] {databricks.py:118} INFO - run_databricks_pipeline in run state: {'life_cycle_state': 'RUNNING', 'result_state': '', 'state_message': ''}
[2026-08-17T21:11:58.622+0000] {databricks.py:119} INFO - View run status, Spark UI, and logs at https://dbc-39ee3252-8e93.cloud.databricks.com/?o=7474645273712602#job/1115529242462150/run/382579703564420
[2026-08-17T21:11:58.623+0000] {databricks.py:120} INFO - Sleeping for 10 seconds.
[2026-08-17T21:12:09.419+0000] {databricks.py:118} INFO - run_databricks_pipeline in run state: {'life_cycle_state': 'RUNNING', 'result_state': '', 'state_message': ''}
[2026-08-17T21:12:09.421+0000] {databricks.py:119} INFO - View run status, Spark UI, and logs at https://dbc-39ee3252-8e93.cloud.databricks.com/?o=7474645273712602#job/1115529242462150/run/382579703564420
[2026-08-17T21:12:09.423+0000] {databricks.py:120} INFO - Sleeping for 10 seconds.
[2026-08-17T21:12:20.249+0000] {databricks.py:118} INFO - run_databricks_pipeline in run state: {'life_cycle_state': 'RUNNING', 'result_state': '', 'state_message': ''}
[2026-08-17T21:12:20.251+0000] {databricks.py:119} INFO - View run status, Spark UI, and logs at https://dbc-39ee3252-8e93.cloud.databricks.com/?o=7474645273712602#job/1115529242462150/run/382579703564420
[2026-08-17T21:12:20.253+0000] {databricks.py:120} INFO - Sleeping for 10 seconds.
[2026-08-17T21:12:31.124+0000] {databricks.py:118} INFO - run_databricks_pipeline in run state: {'life_cycle_state': 'RUNNING', 'result_state': '', 'state_message': ''}
[2026-08-17T21:12:31.126+0000] {databricks.py:119} INFO - View run status, Spark UI, and logs at https://dbc-39ee3252-8e93.cloud.databricks.com/?o=7474645273712602#job/1115529242462150/run/382579703564420
[2026-08-17T21:12:31.128+0000] {databricks.py:120} INFO - Sleeping for 10 seconds.
[2026-08-17T21:12:41.939+0000] {databricks.py:77} INFO - run_databricks_pipeline completed successfully.
[2026-08-17T21:12:41.941+0000] {databricks.py:78} INFO - View run status, Spark UI, and logs at https://dbc-39ee3252-8e93.cloud.databricks.com/?o=7474645273712602#job/1115529242462150/run/382579703564420
[2026-08-17T21:12:41.946+0000] {taskinstance.py:340} INFO - ::group::Post task execution logs
[2026-08-17T21:12:41.948+0000] {taskinstance.py:352} INFO - Marking task as SUCCESS. dag_id=weather_data_integration_phase7, task_id=run_databricks_pipeline, run_id=manual__2026-08-17T21:09:51.080620+00:00, execution_date=20260817T210951, start_date=20260817T210955, end_date=20260817T211241
[2026-08-17T21:12:41.993+0000] {local_task_job_runner.py:266} INFO - Task exited with return code 0
[2026-08-17T21:12:42.002+0000] {taskinstance.py:3900} INFO - 0 downstream tasks scheduled from follow-on schedule check
[2026-08-17T21:12:42.005+0000] {local_task_job_runner.py:245} INFO - ::endgroup::
