[2026-08-17T20:51:44.867+0000] {local_task_job_runner.py:123} INFO - ::group::Pre task execution logs
[2026-08-17T20:51:44.875+0000] {taskinstance.py:2612} INFO - Dependencies all met for dep_context=non-requeueable deps ti=<TaskInstance: weather_data_integration_phase7.run_databricks_pipeline manual__2026-08-17T20:51:40.958171+00:00 [queued]>
[2026-08-17T20:51:44.881+0000] {taskinstance.py:2612} INFO - Dependencies all met for dep_context=requeueable deps ti=<TaskInstance: weather_data_integration_phase7.run_databricks_pipeline manual__2026-08-17T20:51:40.958171+00:00 [queued]>
[2026-08-17T20:51:44.883+0000] {taskinstance.py:2865} INFO - Starting attempt 1 of 2
[2026-08-17T20:51:44.905+0000] {taskinstance.py:2888} INFO - Executing <Task(DatabricksRunNowOperator): run_databricks_pipeline> on 2026-08-17 20:51:40.958171+00:00
[2026-08-17T20:51:44.911+0000] {standard_task_runner.py:72} INFO - Started process 212 to run task
[2026-08-17T20:51:44.929+0000] {standard_task_runner.py:104} INFO - Running: ['airflow', 'tasks', 'run', 'weather_data_integration_phase7', 'run_databricks_pipeline', 'manual__2026-08-17T20:51:40.958171+00:00', '--job-id', '7', '--raw', '--subdir', 'DAGS_FOLDER/weather_pipeline.py', '--cfg-path', '/tmp/tmplx8d_eds']
[2026-08-17T20:51:44.937+0000] {standard_task_runner.py:105} INFO - Job 7: Subtask run_databricks_pipeline
[2026-08-17T20:51:45.072+0000] {task_command.py:467} INFO - Running <TaskInstance: weather_data_integration_phase7.run_databricks_pipeline manual__2026-08-17T20:51:40.958171+00:00 [running]> on host 96b3f2409252
[2026-08-17T20:51:45.181+0000] {taskinstance.py:3131} INFO - Exporting env vars: AIRFLOW_CTX_DAG_OWNER='weather-data-platform' AIRFLOW_CTX_DAG_ID='weather_data_integration_phase7' AIRFLOW_CTX_TASK_ID='run_databricks_pipeline' AIRFLOW_CTX_EXECUTION_DATE='2026-08-17T20:51:40.958171+00:00' AIRFLOW_CTX_TRY_NUMBER='1' AIRFLOW_CTX_DAG_RUN_ID='manual__2026-08-17T20:51:40.958171+00:00'
[2026-08-17T20:51:45.190+0000] {taskinstance.py:731} INFO - ::endgroup::
[2026-08-17T20:51:45.492+0000] {base.py:84} INFO - Retrieving connection 'databricks_weather_data_integration'
[2026-08-17T20:51:47.100+0000] {databricks.py:66} INFO - Run submitted with run_id: 795274934087660
[2026-08-17T20:51:48.605+0000] {databricks.py:118} INFO - run_databricks_pipeline in run state: {'life_cycle_state': 'RUNNING', 'result_state': '', 'state_message': ''}
[2026-08-17T20:51:48.607+0000] {databricks.py:119} INFO - View run status, Spark UI, and logs at https://dbc-39ee3252-8e93.cloud.databricks.com/?o=7474645273712602#job/1115529242462150/run/795274934087660
[2026-08-17T20:51:48.609+0000] {databricks.py:120} INFO - Sleeping for 10 seconds.
[2026-08-17T20:51:59.495+0000] {databricks.py:118} INFO - run_databricks_pipeline in run state: {'life_cycle_state': 'RUNNING', 'result_state': '', 'state_message': ''}
[2026-08-17T20:51:59.497+0000] {databricks.py:119} INFO - View run status, Spark UI, and logs at https://dbc-39ee3252-8e93.cloud.databricks.com/?o=7474645273712602#job/1115529242462150/run/795274934087660
[2026-08-17T20:51:59.498+0000] {databricks.py:120} INFO - Sleeping for 10 seconds.
[2026-08-17T20:52:10.364+0000] {databricks.py:118} INFO - run_databricks_pipeline in run state: {'life_cycle_state': 'RUNNING', 'result_state': '', 'state_message': ''}
[2026-08-17T20:52:10.366+0000] {databricks.py:119} INFO - View run status, Spark UI, and logs at https://dbc-39ee3252-8e93.cloud.databricks.com/?o=7474645273712602#job/1115529242462150/run/795274934087660
[2026-08-17T20:52:10.368+0000] {databricks.py:120} INFO - Sleeping for 10 seconds.
[2026-08-17T20:52:21.204+0000] {databricks.py:118} INFO - run_databricks_pipeline in run state: {'life_cycle_state': 'RUNNING', 'result_state': '', 'state_message': ''}
[2026-08-17T20:52:21.206+0000] {databricks.py:119} INFO - View run status, Spark UI, and logs at https://dbc-39ee3252-8e93.cloud.databricks.com/?o=7474645273712602#job/1115529242462150/run/795274934087660
[2026-08-17T20:52:21.208+0000] {databricks.py:120} INFO - Sleeping for 10 seconds.
[2026-08-17T20:52:33.036+0000] {databricks.py:118} INFO - run_databricks_pipeline in run state: {'life_cycle_state': 'RUNNING', 'result_state': '', 'state_message': ''}
[2026-08-17T20:52:33.038+0000] {databricks.py:119} INFO - View run status, Spark UI, and logs at https://dbc-39ee3252-8e93.cloud.databricks.com/?o=7474645273712602#job/1115529242462150/run/795274934087660
[2026-08-17T20:52:33.039+0000] {databricks.py:120} INFO - Sleeping for 10 seconds.
[2026-08-17T20:52:43.871+0000] {databricks.py:118} INFO - run_databricks_pipeline in run state: {'life_cycle_state': 'RUNNING', 'result_state': '', 'state_message': ''}
[2026-08-17T20:52:43.873+0000] {databricks.py:119} INFO - View run status, Spark UI, and logs at https://dbc-39ee3252-8e93.cloud.databricks.com/?o=7474645273712602#job/1115529242462150/run/795274934087660
[2026-08-17T20:52:43.874+0000] {databricks.py:120} INFO - Sleeping for 10 seconds.
[2026-08-17T20:52:54.657+0000] {databricks.py:118} INFO - run_databricks_pipeline in run state: {'life_cycle_state': 'RUNNING', 'result_state': '', 'state_message': ''}
[2026-08-17T20:52:54.660+0000] {databricks.py:119} INFO - View run status, Spark UI, and logs at https://dbc-39ee3252-8e93.cloud.databricks.com/?o=7474645273712602#job/1115529242462150/run/795274934087660
[2026-08-17T20:52:54.661+0000] {databricks.py:120} INFO - Sleeping for 10 seconds.
[2026-08-17T20:53:05.539+0000] {databricks.py:118} INFO - run_databricks_pipeline in run state: {'life_cycle_state': 'RUNNING', 'result_state': '', 'state_message': ''}
[2026-08-17T20:53:05.541+0000] {databricks.py:119} INFO - View run status, Spark UI, and logs at https://dbc-39ee3252-8e93.cloud.databricks.com/?o=7474645273712602#job/1115529242462150/run/795274934087660
[2026-08-17T20:53:05.542+0000] {databricks.py:120} INFO - Sleeping for 10 seconds.
[2026-08-17T20:53:16.359+0000] {databricks.py:118} INFO - run_databricks_pipeline in run state: {'life_cycle_state': 'RUNNING', 'result_state': '', 'state_message': ''}
[2026-08-17T20:53:16.362+0000] {databricks.py:119} INFO - View run status, Spark UI, and logs at https://dbc-39ee3252-8e93.cloud.databricks.com/?o=7474645273712602#job/1115529242462150/run/795274934087660
[2026-08-17T20:53:16.363+0000] {databricks.py:120} INFO - Sleeping for 10 seconds.
[2026-08-17T20:53:27.202+0000] {databricks.py:118} INFO - run_databricks_pipeline in run state: {'life_cycle_state': 'RUNNING', 'result_state': '', 'state_message': ''}
[2026-08-17T20:53:27.204+0000] {databricks.py:119} INFO - View run status, Spark UI, and logs at https://dbc-39ee3252-8e93.cloud.databricks.com/?o=7474645273712602#job/1115529242462150/run/795274934087660
[2026-08-17T20:53:27.206+0000] {databricks.py:120} INFO - Sleeping for 10 seconds.
[2026-08-17T20:53:38.052+0000] {databricks.py:118} INFO - run_databricks_pipeline in run state: {'life_cycle_state': 'RUNNING', 'result_state': '', 'state_message': ''}
[2026-08-17T20:53:38.054+0000] {databricks.py:119} INFO - View run status, Spark UI, and logs at https://dbc-39ee3252-8e93.cloud.databricks.com/?o=7474645273712602#job/1115529242462150/run/795274934087660
[2026-08-17T20:53:38.055+0000] {databricks.py:120} INFO - Sleeping for 10 seconds.
[2026-08-17T20:53:48.910+0000] {databricks.py:118} INFO - run_databricks_pipeline in run state: {'life_cycle_state': 'RUNNING', 'result_state': '', 'state_message': ''}
[2026-08-17T20:53:48.912+0000] {databricks.py:119} INFO - View run status, Spark UI, and logs at https://dbc-39ee3252-8e93.cloud.databricks.com/?o=7474645273712602#job/1115529242462150/run/795274934087660
[2026-08-17T20:53:48.914+0000] {databricks.py:120} INFO - Sleeping for 10 seconds.
[2026-08-17T20:53:59.726+0000] {databricks.py:118} INFO - run_databricks_pipeline in run state: {'life_cycle_state': 'RUNNING', 'result_state': '', 'state_message': ''}
[2026-08-17T20:53:59.728+0000] {databricks.py:119} INFO - View run status, Spark UI, and logs at https://dbc-39ee3252-8e93.cloud.databricks.com/?o=7474645273712602#job/1115529242462150/run/795274934087660
[2026-08-17T20:53:59.730+0000] {databricks.py:120} INFO - Sleeping for 10 seconds.
[2026-08-17T20:54:10.599+0000] {databricks.py:118} INFO - run_databricks_pipeline in run state: {'life_cycle_state': 'RUNNING', 'result_state': '', 'state_message': ''}
[2026-08-17T20:54:10.602+0000] {databricks.py:119} INFO - View run status, Spark UI, and logs at https://dbc-39ee3252-8e93.cloud.databricks.com/?o=7474645273712602#job/1115529242462150/run/795274934087660
[2026-08-17T20:54:10.604+0000] {databricks.py:120} INFO - Sleeping for 10 seconds.
[2026-08-17T20:54:21.399+0000] {databricks.py:77} INFO - run_databricks_pipeline completed successfully.
[2026-08-17T20:54:21.401+0000] {databricks.py:78} INFO - View run status, Spark UI, and logs at https://dbc-39ee3252-8e93.cloud.databricks.com/?o=7474645273712602#job/1115529242462150/run/795274934087660
[2026-08-17T20:54:21.407+0000] {taskinstance.py:340} INFO - ::group::Post task execution logs
[2026-08-17T20:54:21.409+0000] {taskinstance.py:352} INFO - Marking task as SUCCESS. dag_id=weather_data_integration_phase7, task_id=run_databricks_pipeline, run_id=manual__2026-08-17T20:51:40.958171+00:00, execution_date=20260817T205140, start_date=20260817T205144, end_date=20260817T205421
[2026-08-17T20:54:21.477+0000] {local_task_job_runner.py:266} INFO - Task exited with return code 0
[2026-08-17T20:54:21.486+0000] {taskinstance.py:3900} INFO - 0 downstream tasks scheduled from follow-on schedule check
[2026-08-17T20:54:21.488+0000] {local_task_job_runner.py:245} INFO - ::endgroup::
