[2026-08-17T21:21:10.644+0000] {local_task_job_runner.py:123} INFO - ::group::Pre task execution logs
[2026-08-17T21:21:10.654+0000] {taskinstance.py:2612} INFO - Dependencies all met for dep_context=non-requeueable deps ti=<TaskInstance: weather_data_integration_phase7.run_databricks_pipeline manual__2026-08-17T21:21:06.101297+00:00 [queued]>
[2026-08-17T21:21:10.661+0000] {taskinstance.py:2612} INFO - Dependencies all met for dep_context=requeueable deps ti=<TaskInstance: weather_data_integration_phase7.run_databricks_pipeline manual__2026-08-17T21:21:06.101297+00:00 [queued]>
[2026-08-17T21:21:10.663+0000] {taskinstance.py:2865} INFO - Starting attempt 1 of 2
[2026-08-17T21:21:10.682+0000] {taskinstance.py:2888} INFO - Executing <Task(DatabricksRunNowOperator): run_databricks_pipeline> on 2026-08-17 21:21:06.101297+00:00
[2026-08-17T21:21:10.693+0000] {standard_task_runner.py:104} INFO - Running: ['airflow', 'tasks', 'run', 'weather_data_integration_phase7', 'run_databricks_pipeline', 'manual__2026-08-17T21:21:06.101297+00:00', '--job-id', '9', '--raw', '--subdir', 'DAGS_FOLDER/weather_pipeline.py', '--cfg-path', '/tmp/tmpcdkxfapb']
[2026-08-17T21:21:10.689+0000] {standard_task_runner.py:72} INFO - Started process 312 to run task
[2026-08-17T21:21:10.697+0000] {standard_task_runner.py:105} INFO - Job 9: Subtask run_databricks_pipeline
[2026-08-17T21:21:10.783+0000] {task_command.py:467} INFO - Running <TaskInstance: weather_data_integration_phase7.run_databricks_pipeline manual__2026-08-17T21:21:06.101297+00:00 [running]> on host 96b3f2409252
[2026-08-17T21:21:10.842+0000] {taskinstance.py:3131} INFO - Exporting env vars: AIRFLOW_CTX_DAG_OWNER='weather-data-platform' AIRFLOW_CTX_DAG_ID='weather_data_integration_phase7' AIRFLOW_CTX_TASK_ID='run_databricks_pipeline' AIRFLOW_CTX_EXECUTION_DATE='2026-08-17T21:21:06.101297+00:00' AIRFLOW_CTX_TRY_NUMBER='1' AIRFLOW_CTX_DAG_RUN_ID='manual__2026-08-17T21:21:06.101297+00:00'
[2026-08-17T21:21:10.844+0000] {taskinstance.py:731} INFO - ::endgroup::
[2026-08-17T21:21:10.983+0000] {base.py:84} INFO - Retrieving connection 'databricks_weather_data_integration'
[2026-08-17T21:21:12.443+0000] {databricks.py:66} INFO - Run submitted with run_id: 950932763310001
[2026-08-17T21:21:13.992+0000] {databricks.py:118} INFO - run_databricks_pipeline in run state: {'life_cycle_state': 'RUNNING', 'result_state': '', 'state_message': ''}
[2026-08-17T21:21:13.994+0000] {databricks.py:119} INFO - View run status, Spark UI, and logs at https://dbc-39ee3252-8e93.cloud.databricks.com/?o=7474645273712602#job/1115529242462150/run/950932763310001
[2026-08-17T21:21:13.996+0000] {databricks.py:120} INFO - Sleeping for 10 seconds.
[2026-08-17T21:21:24.839+0000] {databricks.py:118} INFO - run_databricks_pipeline in run state: {'life_cycle_state': 'RUNNING', 'result_state': '', 'state_message': ''}
[2026-08-17T21:21:24.841+0000] {databricks.py:119} INFO - View run status, Spark UI, and logs at https://dbc-39ee3252-8e93.cloud.databricks.com/?o=7474645273712602#job/1115529242462150/run/950932763310001
[2026-08-17T21:21:24.842+0000] {databricks.py:120} INFO - Sleeping for 10 seconds.
[2026-08-17T21:21:35.701+0000] {databricks.py:118} INFO - run_databricks_pipeline in run state: {'life_cycle_state': 'RUNNING', 'result_state': '', 'state_message': ''}
[2026-08-17T21:21:35.703+0000] {databricks.py:119} INFO - View run status, Spark UI, and logs at https://dbc-39ee3252-8e93.cloud.databricks.com/?o=7474645273712602#job/1115529242462150/run/950932763310001
[2026-08-17T21:21:35.705+0000] {databricks.py:120} INFO - Sleeping for 10 seconds.
[2026-08-17T21:21:46.488+0000] {databricks.py:118} INFO - run_databricks_pipeline in run state: {'life_cycle_state': 'RUNNING', 'result_state': '', 'state_message': ''}
[2026-08-17T21:21:46.490+0000] {databricks.py:119} INFO - View run status, Spark UI, and logs at https://dbc-39ee3252-8e93.cloud.databricks.com/?o=7474645273712602#job/1115529242462150/run/950932763310001
[2026-08-17T21:21:46.491+0000] {databricks.py:120} INFO - Sleeping for 10 seconds.
[2026-08-17T21:21:57.305+0000] {databricks.py:118} INFO - run_databricks_pipeline in run state: {'life_cycle_state': 'RUNNING', 'result_state': '', 'state_message': ''}
[2026-08-17T21:21:57.307+0000] {databricks.py:119} INFO - View run status, Spark UI, and logs at https://dbc-39ee3252-8e93.cloud.databricks.com/?o=7474645273712602#job/1115529242462150/run/950932763310001
[2026-08-17T21:21:57.309+0000] {databricks.py:120} INFO - Sleeping for 10 seconds.
[2026-08-17T21:22:08.138+0000] {databricks.py:118} INFO - run_databricks_pipeline in run state: {'life_cycle_state': 'RUNNING', 'result_state': '', 'state_message': ''}
[2026-08-17T21:22:08.140+0000] {databricks.py:119} INFO - View run status, Spark UI, and logs at https://dbc-39ee3252-8e93.cloud.databricks.com/?o=7474645273712602#job/1115529242462150/run/950932763310001
[2026-08-17T21:22:08.141+0000] {databricks.py:120} INFO - Sleeping for 10 seconds.
[2026-08-17T21:22:18.975+0000] {databricks.py:118} INFO - run_databricks_pipeline in run state: {'life_cycle_state': 'RUNNING', 'result_state': '', 'state_message': ''}
[2026-08-17T21:22:18.976+0000] {databricks.py:119} INFO - View run status, Spark UI, and logs at https://dbc-39ee3252-8e93.cloud.databricks.com/?o=7474645273712602#job/1115529242462150/run/950932763310001
[2026-08-17T21:22:18.978+0000] {databricks.py:120} INFO - Sleeping for 10 seconds.
[2026-08-17T21:22:29.776+0000] {databricks.py:118} INFO - run_databricks_pipeline in run state: {'life_cycle_state': 'RUNNING', 'result_state': '', 'state_message': ''}
[2026-08-17T21:22:29.778+0000] {databricks.py:119} INFO - View run status, Spark UI, and logs at https://dbc-39ee3252-8e93.cloud.databricks.com/?o=7474645273712602#job/1115529242462150/run/950932763310001
[2026-08-17T21:22:29.779+0000] {databricks.py:120} INFO - Sleeping for 10 seconds.
[2026-08-17T21:22:40.581+0000] {databricks.py:118} INFO - run_databricks_pipeline in run state: {'life_cycle_state': 'RUNNING', 'result_state': '', 'state_message': ''}
[2026-08-17T21:22:40.582+0000] {databricks.py:119} INFO - View run status, Spark UI, and logs at https://dbc-39ee3252-8e93.cloud.databricks.com/?o=7474645273712602#job/1115529242462150/run/950932763310001
[2026-08-17T21:22:40.584+0000] {databricks.py:120} INFO - Sleeping for 10 seconds.
[2026-08-17T21:22:51.400+0000] {databricks.py:118} INFO - run_databricks_pipeline in run state: {'life_cycle_state': 'RUNNING', 'result_state': '', 'state_message': ''}
[2026-08-17T21:22:51.403+0000] {databricks.py:119} INFO - View run status, Spark UI, and logs at https://dbc-39ee3252-8e93.cloud.databricks.com/?o=7474645273712602#job/1115529242462150/run/950932763310001
[2026-08-17T21:22:51.407+0000] {databricks.py:120} INFO - Sleeping for 10 seconds.
[2026-08-17T21:23:02.201+0000] {databricks.py:118} INFO - run_databricks_pipeline in run state: {'life_cycle_state': 'RUNNING', 'result_state': '', 'state_message': ''}
[2026-08-17T21:23:02.203+0000] {databricks.py:119} INFO - View run status, Spark UI, and logs at https://dbc-39ee3252-8e93.cloud.databricks.com/?o=7474645273712602#job/1115529242462150/run/950932763310001
[2026-08-17T21:23:02.204+0000] {databricks.py:120} INFO - Sleeping for 10 seconds.
[2026-08-17T21:23:13.020+0000] {databricks.py:118} INFO - run_databricks_pipeline in run state: {'life_cycle_state': 'RUNNING', 'result_state': '', 'state_message': ''}
[2026-08-17T21:23:13.022+0000] {databricks.py:119} INFO - View run status, Spark UI, and logs at https://dbc-39ee3252-8e93.cloud.databricks.com/?o=7474645273712602#job/1115529242462150/run/950932763310001
[2026-08-17T21:23:13.023+0000] {databricks.py:120} INFO - Sleeping for 10 seconds.
[2026-08-17T21:23:23.867+0000] {databricks.py:118} INFO - run_databricks_pipeline in run state: {'life_cycle_state': 'RUNNING', 'result_state': '', 'state_message': ''}
[2026-08-17T21:23:23.869+0000] {databricks.py:119} INFO - View run status, Spark UI, and logs at https://dbc-39ee3252-8e93.cloud.databricks.com/?o=7474645273712602#job/1115529242462150/run/950932763310001
[2026-08-17T21:23:23.871+0000] {databricks.py:120} INFO - Sleeping for 10 seconds.
[2026-08-17T21:23:34.689+0000] {databricks.py:118} INFO - run_databricks_pipeline in run state: {'life_cycle_state': 'RUNNING', 'result_state': '', 'state_message': ''}
[2026-08-17T21:23:34.691+0000] {databricks.py:119} INFO - View run status, Spark UI, and logs at https://dbc-39ee3252-8e93.cloud.databricks.com/?o=7474645273712602#job/1115529242462150/run/950932763310001
[2026-08-17T21:23:34.693+0000] {databricks.py:120} INFO - Sleeping for 10 seconds.
[2026-08-17T21:23:45.549+0000] {databricks.py:77} INFO - run_databricks_pipeline completed successfully.
[2026-08-17T21:23:45.550+0000] {databricks.py:78} INFO - View run status, Spark UI, and logs at https://dbc-39ee3252-8e93.cloud.databricks.com/?o=7474645273712602#job/1115529242462150/run/950932763310001
[2026-08-17T21:23:45.554+0000] {taskinstance.py:340} INFO - ::group::Post task execution logs
[2026-08-17T21:23:45.556+0000] {taskinstance.py:352} INFO - Marking task as SUCCESS. dag_id=weather_data_integration_phase7, task_id=run_databricks_pipeline, run_id=manual__2026-08-17T21:21:06.101297+00:00, execution_date=20260817T212106, start_date=20260817T212110, end_date=20260817T212345
[2026-08-17T21:23:45.587+0000] {local_task_job_runner.py:266} INFO - Task exited with return code 0
[2026-08-17T21:23:45.596+0000] {taskinstance.py:3900} INFO - 0 downstream tasks scheduled from follow-on schedule check
[2026-08-17T21:23:45.598+0000] {local_task_job_runner.py:245} INFO - ::endgroup::
